
Docking power — CASF-2016, near-native = RMSD <= 2.0 Å
Todas recomputadas com a mesma métrica. PharmXAI de: logs/dock_nativa.csv

  #  funcao                    top1 %  top2 %  top3 %     rho     n  sinal
--------------------------------------------------------------------------
  1  AutodockVina                90.1    95.8    97.2   0.334   283      -
  2  deltaVinaRF20               89.1    94.4    96.5   0.348   285      +
  3  DrugScoreCSD                87.7    93.3    95.1   0.383   285      -
  4  GlideScore-SP               87.4    91.6    93.3   0.320   285      -
  5  GBVI_WSA-dG@MOE             86.3    91.2    93.0   0.243   285      -
  6  ChemPLP@GOLD                85.6    93.7    96.1   0.430   285      +
  7  LigScore2@DS                85.3    94.0    96.5   0.336   285      +
  8  GlideScore-XP               83.5    89.5    94.0   0.307   285      -
  9  DrugScore2018               83.2    89.1    94.0   0.447   285      -
 10  PLP1@DS                     83.2    90.5    94.0   0.436   285      +
 11  ASP@GOLD                    81.1    88.4    92.6   0.431   285      +
 12  ChemScore@GOLD              81.1    87.0    91.2   0.437   285      +
 13  PLP2@DS                     79.3    88.4    92.3   0.465   285      +
 14  GoldScore@GOLD              75.8    86.3    90.2   0.352   285      +
 15  LigScore1@DS                75.8    85.3    89.5   0.348   285      +
 16  Alpha-HB@MOE                71.9    81.4    85.6   0.502   285      -
 17  X-ScoreHM                   65.6    77.5    83.2   0.583   285      +
 18  Affinity-dG@MOE             64.2    76.1    83.9   0.333   285      -
 19  London-dG@MOE               64.2    77.9    83.5   0.463   285      -
 20  X-Score                     64.2    74.4    80.0   0.601   285      +
 21  LUDI2@DS                    63.9    74.0    80.0   0.474   285      +
 22  LUDI1@DS                    63.2    73.0    80.4   0.483   285      +
 23  X-ScoreHS                   59.6    71.9    78.6   0.571   285      +
 24  ChemScore@SYBYL             58.9    68.4    77.2   0.500   285      -
 25  X-ScoreHP                   57.2    69.1    75.4   0.588   285      +
 26  Jain@DS                     56.1    67.4    75.8   0.406   285      +
 27  LUDI3@DS                    52.6    62.5    71.2   0.430   285      +
 28  ASE@MOE                     50.5    60.4    66.3   0.500   285      -
 29  PMF@SYBYL                   48.4    58.6    66.0   0.331   285      -
 30  PharmXAI-3D (este)          47.0    63.2    72.3   0.374   285      +  <--
 31  PMF04@DS                    46.7    54.4    60.4   0.281   285      +
 32  G-Score@SYBYL               44.2    59.6    69.8   0.439   285      -
 33  PMF@DS                      43.2    52.6    58.9   0.340   285      +
 34  deltaSAS                    29.5    43.9    51.2   0.458   285      +
 35  D-Score@SYBYL               26.3    40.4    52.3   0.449   285      -
--------------------------------------------------------------------------
     mediana das referencias     64.9
