Checkpoint de saída: exp_pose_fisica.pth
Semente: 0
Tratamento do IC50: keep
🔥 Treinando em: cuda
Carregando o Banco de Dados...
Separando Treino (General), Validação (Refined) e Teste (CASF core)...
Total: 19037 | Treino: 13711 | Validação: 5041 | Teste (CASF): 285
[*] Física de pose ATIVA — ranking (peso 1.0, margem 0.5/Å de RMSD, perturbação 0,3–3,0 Å) + estacionariedade (peso 0.1, a partir da época 6).
Iniciando o treinamento por até 300 épocas (parada antecipada após 30 sem melhora)...
Época [001/300] | Train pKd: 3.6343 | Train Phys: 1.4928 | Rank: 0.0435 | Estac: 0.00989 | Val pKd: 3.1260 | LR: 0.001000
  -> Novo melhor modelo salvo! (Val pKd: 3.1260)
Época [002/300] | Train pKd: 2.7083 | Train Phys: 1.3120 | Rank: 0.0024 | Estac: 0.02489 | Val pKd: 3.0241 | LR: 0.001000
  -> Novo melhor modelo salvo! (Val pKd: 3.0241)
Época [003/300] | Train pKd: 2.5771 | Train Phys: 0.9522 | Rank: 0.0016 | Estac: 0.04491 | Val pKd: 2.9387 | LR: 0.001000
  -> Novo melhor modelo salvo! (Val pKd: 2.9387)
Época [004/300] | Train pKd: 2.4194 | Train Phys: 0.6331 | Rank: 0.0019 | Estac: 0.04833 | Val pKd: 2.5797 | LR: 0.001000
  -> Novo melhor modelo salvo! (Val pKd: 2.5797)
Época [005/300] | Train pKd: 2.3002 | Train Phys: 0.5115 | Rank: 0.0014 | Estac: 0.04341 | Val pKd: 2.7409 | LR: 0.001000
Época [006/300] | Train pKd: 2.2948 | Train Phys: 0.4764 | Rank: 0.0016 | Estac: 0.01008 | Val pKd: 3.1468 | LR: 0.001000
Época [007/300] | Train pKd: 2.2140 | Train Phys: 0.4419 | Rank: 0.0013 | Estac: 0.00652 | Val pKd: 2.4347 | LR: 0.001000
  -> Novo melhor modelo salvo! (Val pKd: 2.4347)
Época [008/300] | Train pKd: 2.1919 | Train Phys: 0.4362 | Rank: 0.0015 | Estac: 0.00682 | Val pKd: 2.4830 | LR: 0.001000
Época [009/300] | Train pKd: 2.1149 | Train Phys: 0.4013 | Rank: 0.0013 | Estac: 0.00638 | Val pKd: 2.3260 | LR: 0.001000
  -> Novo melhor modelo salvo! (Val pKd: 2.3260)
Época [010/300] | Train pKd: 2.0549 | Train Phys: 0.3887 | Rank: 0.0012 | Estac: 0.00550 | Val pKd: 2.2789 | LR: 0.001000
  -> Novo melhor modelo salvo! (Val pKd: 2.2789)
Época [011/300] | Train pKd: 2.0127 | Train Phys: 0.3776 | Rank: 0.0012 | Estac: 0.00534 | Val pKd: 2.2043 | LR: 0.001000
  -> Novo melhor modelo salvo! (Val pKd: 2.2043)
Época [012/300] | Train pKd: 1.9431 | Train Phys: 0.3572 | Rank: 0.0009 | Estac: 0.00511 | Val pKd: 2.3649 | LR: 0.001000
Época [013/300] | Train pKd: 1.9075 | Train Phys: 0.3625 | Rank: 0.0011 | Estac: 0.00606 | Val pKd: 2.1686 | LR: 0.001000
  -> Novo melhor modelo salvo! (Val pKd: 2.1686)
Época [014/300] | Train pKd: 1.8513 | Train Phys: 0.3616 | Rank: 0.0007 | Estac: 0.00607 | Val pKd: 2.2516 | LR: 0.001000
Época [015/300] | Train pKd: 1.8126 | Train Phys: 0.3400 | Rank: 0.0010 | Estac: 0.00465 | Val pKd: 2.1725 | LR: 0.001000
Época [016/300] | Train pKd: 1.7642 | Train Phys: 0.3329 | Rank: 0.0007 | Estac: 0.00528 | Val pKd: 2.2229 | LR: 0.001000
Época [017/300] | Train pKd: 1.7419 | Train Phys: 0.3494 | Rank: 0.0009 | Estac: 0.00563 | Val pKd: 2.2732 | LR: 0.001000
Época [018/300] | Train pKd: 1.7036 | Train Phys: 0.3543 | Rank: 0.0011 | Estac: 0.00531 | Val pKd: 2.4320 | LR: 0.001000
Época [019/300] | Train pKd: 1.6401 | Train Phys: 0.3506 | Rank: 0.0007 | Estac: 0.00488 | Val pKd: 2.0710 | LR: 0.001000
  -> Novo melhor modelo salvo! (Val pKd: 2.0710)
Época [020/300] | Train pKd: 1.6050 | Train Phys: 0.3332 | Rank: 0.0009 | Estac: 0.00473 | Val pKd: 2.4628 | LR: 0.001000
Época [021/300] | Train pKd: 1.5380 | Train Phys: 0.3176 | Rank: 0.0006 | Estac: 0.00489 | Val pKd: 2.1264 | LR: 0.001000
Época [022/300] | Train pKd: 1.5129 | Train Phys: 0.3276 | Rank: 0.0009 | Estac: 0.00509 | Val pKd: 2.1169 | LR: 0.001000
Época [023/300] | Train pKd: 1.4435 | Train Phys: 0.3195 | Rank: 0.0007 | Estac: 0.00462 | Val pKd: 2.2809 | LR: 0.001000
Época [024/300] | Train pKd: 1.3852 | Train Phys: 0.2966 | Rank: 0.0008 | Estac: 0.00585 | Val pKd: 2.1228 | LR: 0.001000
Época [025/300] | Train pKd: 1.3597 | Train Phys: 0.3002 | Rank: 0.0009 | Estac: 0.00533 | Val pKd: 2.2621 | LR: 0.001000
Época [026/300] | Train pKd: 1.2903 | Train Phys: 0.2839 | Rank: 0.0006 | Estac: 0.00558 | Val pKd: 2.3435 | LR: 0.001000
Época [027/300] | Train pKd: 1.2322 | Train Phys: 0.2962 | Rank: 0.0009 | Estac: 0.00622 | Val pKd: 2.2234 | LR: 0.001000
Época [028/300] | Train pKd: 1.1767 | Train Phys: 0.2826 | Rank: 0.0008 | Estac: 0.00498 | Val pKd: 2.1831 | LR: 0.001000
Época [029/300] | Train pKd: 1.1576 | Train Phys: 0.2830 | Rank: 0.0008 | Estac: 0.00524 | Val pKd: 2.2486 | LR: 0.001000
Época [030/300] | Train pKd: 1.0958 | Train Phys: 0.2904 | Rank: 0.0008 | Estac: 0.00492 | Val pKd: 2.4888 | LR: 0.000500
Época [031/300] | Train pKd: 0.8677 | Train Phys: 0.2530 | Rank: 0.0006 | Estac: 0.00589 | Val pKd: 2.1985 | LR: 0.000500
Época [032/300] | Train pKd: 0.8108 | Train Phys: 0.2502 | Rank: 0.0006 | Estac: 0.00513 | Val pKd: 2.1506 | LR: 0.000500
Época [033/300] | Train pKd: 0.7666 | Train Phys: 0.2417 | Rank: 0.0005 | Estac: 0.00461 | Val pKd: 2.2243 | LR: 0.000500
Época [034/300] | Train pKd: 0.7369 | Train Phys: 0.2430 | Rank: 0.0005 | Estac: 0.00517 | Val pKd: 2.3629 | LR: 0.000500
Época [035/300] | Train pKd: 0.7059 | Train Phys: 0.2457 | Rank: 0.0005 | Estac: 0.00431 | Val pKd: 2.3081 | LR: 0.000500
Época [036/300] | Train pKd: 0.6702 | Train Phys: 0.2330 | Rank: 0.0006 | Estac: 0.00492 | Val pKd: 2.3069 | LR: 0.000500
Época [037/300] | Train pKd: 0.6466 | Train Phys: 0.2404 | Rank: 0.0006 | Estac: 0.00461 | Val pKd: 2.3327 | LR: 0.000500
Época [038/300] | Train pKd: 0.6233 | Train Phys: 0.2326 | Rank: 0.0005 | Estac: 0.00499 | Val pKd: 2.3140 | LR: 0.000500
Época [039/300] | Train pKd: 0.5899 | Train Phys: 0.2408 | Rank: 0.0006 | Estac: 0.00496 | Val pKd: 2.3330 | LR: 0.000500
Época [040/300] | Train pKd: 0.5818 | Train Phys: 0.2361 | Rank: 0.0007 | Estac: 0.00469 | Val pKd: 2.3509 | LR: 0.000500
Época [041/300] | Train pKd: 0.5486 | Train Phys: 0.2355 | Rank: 0.0006 | Estac: 0.00513 | Val pKd: 2.3649 | LR: 0.000250
Época [042/300] | Train pKd: 0.4464 | Train Phys: 0.2166 | Rank: 0.0004 | Estac: 0.00448 | Val pKd: 2.3655 | LR: 0.000250
Época [043/300] | Train pKd: 0.4141 | Train Phys: 0.2148 | Rank: 0.0006 | Estac: 0.00450 | Val pKd: 2.4098 | LR: 0.000250
Época [044/300] | Train pKd: 0.4039 | Train Phys: 0.2160 | Rank: 0.0006 | Estac: 0.00434 | Val pKd: 2.3697 | LR: 0.000250
Época [045/300] | Train pKd: 0.3894 | Train Phys: 0.2123 | Rank: 0.0005 | Estac: 0.00425 | Val pKd: 2.4272 | LR: 0.000250
Época [046/300] | Train pKd: 0.3783 | Train Phys: 0.2093 | Rank: 0.0006 | Estac: 0.00383 | Val pKd: 2.4316 | LR: 0.000250
Época [047/300] | Train pKd: 0.3770 | Train Phys: 0.2080 | Rank: 0.0006 | Estac: 0.00417 | Val pKd: 2.3762 | LR: 0.000250
Época [048/300] | Train pKd: 0.3594 | Train Phys: 0.2083 | Rank: 0.0006 | Estac: 0.00413 | Val pKd: 2.4593 | LR: 0.000250
Época [049/300] | Train pKd: 0.3567 | Train Phys: 0.2126 | Rank: 0.0004 | Estac: 0.00450 | Val pKd: 2.4302 | LR: 0.000250

[!] Parada antecipada na época 49: 30 épocas sem melhora na validação.
    Melhor modelo: época 19, Val pKd 2.0710

Treinamento finalizado. Melhor Val pKd: 2.0710 (época 19) | RMSE de validação: 1.439

============================================================
 TESTE — CASF-2016 core set (285 complexos)
============================================================
  RMSE      : 1.483 unidades de pKd
  MAE       : 1.207
  Pearson R : 0.750   (R² = 0.563)
  Baseline (prever a média): RMSE 2.170
