Checkpoint de saída: exp_decoy_ligante.pth
Semente: 0
Tratamento do IC50: keep
🔥 Treinando em: cuda
Carregando o Banco de Dados...
Separando Treino (General), Validação (Refined) e Teste (CASF core)...
Total: 19037 | Treino: 13711 | Validação: 5041 | Teste (CASF): 285
[*] 6000 decoys de ligante de decoys_ligante.pt · peso 1.0, margem 2.0 pKd
[*] Modelo com 143,795 parâmetros · camadas escalares (só distância)
[*] Física de pose ATIVA — ranking (peso 1.0, margem 0.5/Å de RMSD, perturbação 0,3–3,0 Å) + estacionariedade (peso 0.1, a partir da época 6).
Iniciando o treinamento por até 300 épocas (parada antecipada após 30 sem melhora)...
Época [001/300] | Train pKd: 3.6530 | Train Phys: 1.4505 | Rank: 0.0408 | Estac: 0.02401 | Decoy: 1.5238 | Val pKd: 4.4512 | LR: 0.001000
  -> Novo melhor modelo salvo! (Val pKd: 4.4512)
Época [002/300] | Train pKd: 2.7658 | Train Phys: 1.0884 | Rank: 0.0027 | Estac: 0.04466 | Decoy: 1.3611 | Val pKd: 2.8969 | LR: 0.001000
  -> Novo melhor modelo salvo! (Val pKd: 2.8969)
Época [003/300] | Train pKd: 2.5588 | Train Phys: 0.7280 | Rank: 0.0029 | Estac: 0.04850 | Decoy: 1.3127 | Val pKd: 2.8538 | LR: 0.001000
  -> Novo melhor modelo salvo! (Val pKd: 2.8538)
Época [004/300] | Train pKd: 2.4301 | Train Phys: 0.6553 | Rank: 0.0017 | Estac: 0.02851 | Decoy: 0.9593 | Val pKd: 2.8550 | LR: 0.001000
Época [005/300] | Train pKd: 2.3754 | Train Phys: 0.5306 | Rank: 0.0021 | Estac: 0.04524 | Decoy: 1.1883 | Val pKd: 2.6618 | LR: 0.001000
  -> Novo melhor modelo salvo! (Val pKd: 2.6618)
Época [006/300] | Train pKd: 2.2682 | Train Phys: 0.4742 | Rank: 0.0016 | Estac: 0.01217 | Decoy: 1.3366 | Val pKd: 2.6927 | LR: 0.001000
Época [007/300] | Train pKd: 2.2217 | Train Phys: 0.4584 | Rank: 0.0017 | Estac: 0.00998 | Decoy: 1.0941 | Val pKd: 2.4005 | LR: 0.001000
  -> Novo melhor modelo salvo! (Val pKd: 2.4005)
Época [008/300] | Train pKd: 2.1589 | Train Phys: 0.4299 | Rank: 0.0017 | Estac: 0.00717 | Decoy: 0.9961 | Val pKd: 2.3681 | LR: 0.001000
  -> Novo melhor modelo salvo! (Val pKd: 2.3681)
Época [009/300] | Train pKd: 2.1222 | Train Phys: 0.4056 | Rank: 0.0012 | Estac: 0.00659 | Decoy: 1.3138 | Val pKd: 2.3414 | LR: 0.001000
  -> Novo melhor modelo salvo! (Val pKd: 2.3414)
Época [010/300] | Train pKd: 2.0266 | Train Phys: 0.3766 | Rank: 0.0010 | Estac: 0.00594 | Decoy: 1.3797 | Val pKd: 2.2554 | LR: 0.001000
  -> Novo melhor modelo salvo! (Val pKd: 2.2554)
Época [011/300] | Train pKd: 1.9640 | Train Phys: 0.3748 | Rank: 0.0008 | Estac: 0.00664 | Decoy: 1.3771 | Val pKd: 2.2194 | LR: 0.001000
  -> Novo melhor modelo salvo! (Val pKd: 2.2194)
Época [012/300] | Train pKd: 1.9332 | Train Phys: 0.3734 | Rank: 0.0010 | Estac: 0.00653 | Decoy: 1.3151 | Val pKd: 2.2401 | LR: 0.001000
Época [013/300] | Train pKd: 1.8696 | Train Phys: 0.3662 | Rank: 0.0012 | Estac: 0.00715 | Decoy: 1.2411 | Val pKd: 2.3071 | LR: 0.001000
Época [014/300] | Train pKd: 1.8156 | Train Phys: 0.3361 | Rank: 0.0009 | Estac: 0.00566 | Decoy: 1.3495 | Val pKd: 2.1248 | LR: 0.001000
  -> Novo melhor modelo salvo! (Val pKd: 2.1248)
Época [015/300] | Train pKd: 1.7421 | Train Phys: 0.3611 | Rank: 0.0009 | Estac: 0.00543 | Decoy: 1.4974 | Val pKd: 2.1448 | LR: 0.001000
Época [016/300] | Train pKd: 1.7022 | Train Phys: 0.3356 | Rank: 0.0009 | Estac: 0.00628 | Decoy: 1.5553 | Val pKd: 2.2236 | LR: 0.001000
Época [017/300] | Train pKd: 1.6652 | Train Phys: 0.3187 | Rank: 0.0008 | Estac: 0.00596 | Decoy: 1.2376 | Val pKd: 2.2075 | LR: 0.001000
Época [018/300] | Train pKd: 1.6098 | Train Phys: 0.3068 | Rank: 0.0007 | Estac: 0.00567 | Decoy: 1.3150 | Val pKd: 2.2492 | LR: 0.001000
Época [019/300] | Train pKd: 1.5488 | Train Phys: 0.3090 | Rank: 0.0008 | Estac: 0.00534 | Decoy: 1.4968 | Val pKd: 2.1970 | LR: 0.001000
Época [020/300] | Train pKd: 1.5056 | Train Phys: 0.3186 | Rank: 0.0006 | Estac: 0.00534 | Decoy: 1.5117 | Val pKd: 2.2713 | LR: 0.001000
Época [021/300] | Train pKd: 1.4343 | Train Phys: 0.3129 | Rank: 0.0008 | Estac: 0.00611 | Decoy: 1.2469 | Val pKd: 2.1546 | LR: 0.001000
Época [022/300] | Train pKd: 1.3985 | Train Phys: 0.2913 | Rank: 0.0007 | Estac: 0.00592 | Decoy: 0.9533 | Val pKd: 2.2555 | LR: 0.001000
Época [023/300] | Train pKd: 1.3559 | Train Phys: 0.3216 | Rank: 0.0008 | Estac: 0.00567 | Decoy: 1.0721 | Val pKd: 2.3488 | LR: 0.001000
Época [024/300] | Train pKd: 1.2959 | Train Phys: 0.2967 | Rank: 0.0010 | Estac: 0.00612 | Decoy: 0.9606 | Val pKd: 2.3397 | LR: 0.001000
Época [025/300] | Train pKd: 1.2448 | Train Phys: 0.2882 | Rank: 0.0008 | Estac: 0.00575 | Decoy: 1.0311 | Val pKd: 2.1847 | LR: 0.000500
Época [026/300] | Train pKd: 1.0131 | Train Phys: 0.2617 | Rank: 0.0009 | Estac: 0.00470 | Decoy: 1.0916 | Val pKd: 2.1899 | LR: 0.000500
Época [027/300] | Train pKd: 0.9426 | Train Phys: 0.2523 | Rank: 0.0005 | Estac: 0.00522 | Decoy: 1.1652 | Val pKd: 2.2992 | LR: 0.000500
Época [028/300] | Train pKd: 0.9064 | Train Phys: 0.2578 | Rank: 0.0006 | Estac: 0.00549 | Decoy: 1.2597 | Val pKd: 2.2708 | LR: 0.000500
Época [029/300] | Train pKd: 0.8581 | Train Phys: 0.2398 | Rank: 0.0005 | Estac: 0.00483 | Decoy: 0.9621 | Val pKd: 2.3080 | LR: 0.000500
Época [030/300] | Train pKd: 0.8271 | Train Phys: 0.2550 | Rank: 0.0006 | Estac: 0.00533 | Decoy: 1.1102 | Val pKd: 2.4153 | LR: 0.000500
Época [031/300] | Train pKd: 0.7966 | Train Phys: 0.2385 | Rank: 0.0005 | Estac: 0.00598 | Decoy: 1.1551 | Val pKd: 2.3333 | LR: 0.000500
Época [032/300] | Train pKd: 0.7584 | Train Phys: 0.2492 | Rank: 0.0005 | Estac: 0.00504 | Decoy: 0.9826 | Val pKd: 2.3712 | LR: 0.000500
Época [033/300] | Train pKd: 0.7349 | Train Phys: 0.2516 | Rank: 0.0006 | Estac: 0.00524 | Decoy: 1.2349 | Val pKd: 2.3954 | LR: 0.000500
Época [034/300] | Train pKd: 0.7057 | Train Phys: 0.2431 | Rank: 0.0006 | Estac: 0.00553 | Decoy: 1.2221 | Val pKd: 2.4189 | LR: 0.000500
Época [035/300] | Train pKd: 0.6750 | Train Phys: 0.2453 | Rank: 0.0006 | Estac: 0.00548 | Decoy: 1.0745 | Val pKd: 2.4991 | LR: 0.000500
Época [036/300] | Train pKd: 0.6414 | Train Phys: 0.2384 | Rank: 0.0007 | Estac: 0.00545 | Decoy: 1.2174 | Val pKd: 2.3833 | LR: 0.000250
Época [037/300] | Train pKd: 0.5340 | Train Phys: 0.2173 | Rank: 0.0005 | Estac: 0.00493 | Decoy: 1.1424 | Val pKd: 2.4106 | LR: 0.000250
Época [038/300] | Train pKd: 0.5017 | Train Phys: 0.2163 | Rank: 0.0005 | Estac: 0.00486 | Decoy: 1.1074 | Val pKd: 2.4556 | LR: 0.000250
Época [039/300] | Train pKd: 0.4821 | Train Phys: 0.2157 | Rank: 0.0004 | Estac: 0.00487 | Decoy: 1.0881 | Val pKd: 2.4065 | LR: 0.000250
Época [040/300] | Train pKd: 0.4704 | Train Phys: 0.2161 | Rank: 0.0006 | Estac: 0.00512 | Decoy: 1.0174 | Val pKd: 2.4846 | LR: 0.000250
Época [041/300] | Train pKd: 0.4494 | Train Phys: 0.2096 | Rank: 0.0004 | Estac: 0.00496 | Decoy: 1.1729 | Val pKd: 2.4368 | LR: 0.000250
Época [042/300] | Train pKd: 0.4464 | Train Phys: 0.2120 | Rank: 0.0006 | Estac: 0.00531 | Decoy: 1.2437 | Val pKd: 2.5002 | LR: 0.000250
Época [043/300] | Train pKd: 0.4343 | Train Phys: 0.2077 | Rank: 0.0004 | Estac: 0.00494 | Decoy: 1.2067 | Val pKd: 2.4666 | LR: 0.000250
Época [044/300] | Train pKd: 0.4166 | Train Phys: 0.2096 | Rank: 0.0005 | Estac: 0.00492 | Decoy: 1.0520 | Val pKd: 2.5556 | LR: 0.000250

[!] Parada antecipada na época 44: 30 épocas sem melhora na validação.
    Melhor modelo: época 14, Val pKd 2.1248

Treinamento finalizado. Melhor Val pKd: 2.1248 (época 14) | RMSE de validação: 1.458

============================================================
 TESTE — CASF-2016 core set (285 complexos)
============================================================
  RMSE      : 1.541 unidades de pKd
  MAE       : 1.250
  Pearson R : 0.725   (R² = 0.526)
  Baseline (prever a média): RMSE 2.170
